npm error Missing script: "test"
npm error
npm error To see a list of scripts, run:
npm error   npm run
npm error A complete log of this run can be found in: C:\npm-cache\_logs\2025-12-17T10_48_55_355Z-debug-0.log
